// Vitest Snapshot v1, https://vitest.dev/guide/snapshot.html

exports[`encodeMint 1`] = `
"BencodexDictionary(3) {
  'recipient' => Uint8Array(20) [
    214,
    214,
    57,
    218,
    90,
    88,
    167,
    138,
    86,
    76,
    44,
    211,
    219,
    85,
    250,
    124,
    235,
    226,
    68,
    169
  ],
  'currency' => BencodexDictionary(4) {
    'ticker' => 'FOO',
    'decimalPlaces' => Uint8Array(1) [
      2
    ],
    'minters' => null,
    'totalSupplyTrackable' => true
  },
  'amount' => 12500n
}"
`;

exports[`encodeMint 2`] = `
Uint8Array [
  100,
  117,
  54,
  58,
  97,
  109,
  111,
  117,
  110,
  116,
  105,
  49,
  50,
  53,
  48,
  48,
  101,
  117,
  56,
  58,
  99,
  117,
  114,
  114,
  101,
  110,
  99,
  121,
  100,
  117,
  49,
  51,
  58,
  100,
  101,
  99,
  105,
  109,
  97,
  108,
  80,
  108,
  97,
  99,
  101,
  115,
  49,
  58,
  2,
  117,
  55,
  58,
  109,
  105,
  110,
  116,
  101,
  114,
  115,
  110,
  117,
  54,
  58,
  116,
  105,
  99,
  107,
  101,
  114,
  117,
  51,
  58,
  70,
  79,
  79,
  117,
  50,
  48,
  58,
  116,
  111,
  116,
  97,
  108,
  83,
  117,
  112,
  112,
  108,
  121,
  84,
  114,
  97,
  99,
  107,
  97,
  98,
  108,
  101,
  116,
  101,
  117,
  57,
  58,
  114,
  101,
  99,
  105,
  112,
  105,
  101,
  110,
  116,
  50,
  48,
  58,
  214,
  214,
  57,
  218,
  90,
  88,
  167,
  138,
  86,
  76,
  44,
  211,
  219,
  85,
  250,
  124,
  235,
  226,
  68,
  169,
  101,
]
`;

exports[`encodeTransfer 1`] = `
"BencodexDictionary(3) {
  'recipient' => Uint8Array(20) [
    214,
    214,
    57,
    218,
    90,
    88,
    167,
    138,
    86,
    76,
    44,
    211,
    219,
    85,
    250,
    124,
    235,
    226,
    68,
    169
  ],
  'currency' => BencodexDictionary(4) {
    'ticker' => 'FOO',
    'decimalPlaces' => Uint8Array(1) [
      2
    ],
    'minters' => null,
    'totalSupplyTrackable' => true
  },
  'amount' => 12500n
}"
`;

exports[`encodeTransfer 2`] = `
Uint8Array [
  100,
  117,
  54,
  58,
  97,
  109,
  111,
  117,
  110,
  116,
  105,
  49,
  50,
  53,
  48,
  48,
  101,
  117,
  56,
  58,
  99,
  117,
  114,
  114,
  101,
  110,
  99,
  121,
  100,
  117,
  49,
  51,
  58,
  100,
  101,
  99,
  105,
  109,
  97,
  108,
  80,
  108,
  97,
  99,
  101,
  115,
  49,
  58,
  2,
  117,
  55,
  58,
  109,
  105,
  110,
  116,
  101,
  114,
  115,
  110,
  117,
  54,
  58,
  116,
  105,
  99,
  107,
  101,
  114,
  117,
  51,
  58,
  70,
  79,
  79,
  117,
  50,
  48,
  58,
  116,
  111,
  116,
  97,
  108,
  83,
  117,
  112,
  112,
  108,
  121,
  84,
  114,
  97,
  99,
  107,
  97,
  98,
  108,
  101,
  116,
  101,
  117,
  57,
  58,
  114,
  101,
  99,
  105,
  112,
  105,
  101,
  110,
  116,
  50,
  48,
  58,
  214,
  214,
  57,
  218,
  90,
  88,
  167,
  138,
  86,
  76,
  44,
  211,
  219,
  85,
  250,
  124,
  235,
  226,
  68,
  169,
  101,
]
`;
